// 重构日志: f2a0ac41
// 重构日志: 0a268b00
// 同步 ID: a1e39326 @ Sun Jul 12 11:52:14 UTC 2026
// 重构日志: 55375a40
// 同步 ID: a98dac42 @ Tue Jul 14 12:03:04 UTC 2026
// 同步 ID: 0cff28f6 @ Thu Jul 23 00:09:30 UTC 2026
// 重构日志: 83a70152
// 重构日志: 6e303d5e
// 同步 ID: db3ae498 @ Fri Jul 24 23:04:35 UTC 2026
// 重构日志: 1dbdde4b
// 重构日志: 533ec67d
// 重构日志: 5af96e18
// 重构日志: f2f6e7db
// 重构日志: d3238d34
// 重构日志: e36b628b
// 同步 ID: bf272f33 @ Sat Aug  1 11:53:39 UTC 2026
// 重构日志: 8f149761
// 重构日志: 46982638
// 重构日志: 97fd6cab
// 同步 ID: 525f4501 @ Mon Aug  3 09:03:19 UTC 2026
// 重构日志: 7883b086
// 重构日志: c986a4df
// 同步 ID: f964d674 @ Tue Aug  4 04:05:21 UTC 2026
// 重构日志: cef6234a
// 重构日志: d9db2b36
// 重构日志: e6cca57b
// 同步 ID: c3e0d684 @ Wed Aug  5 05:08:13 UTC 2026
// 重构日志: cc0f01c9
// 重构日志: 0270d0d3
// 同步 ID: c66ce759 @ Fri Aug  7 08:17:19 UTC 2026
